------------------------------------------------------------
Timing Analyzer Summary
------------------------------------------------------------

Type  : Slow 1100mV 85C Model Setup 'clk_40_gen:c|clk_out'
Slack : -5.909
TNS   : -610.553

Type  : Slow 1100mV 85C Model Setup 'CLOCK_50'
Slack : -5.039
TNS   : -41.974

Type  : Slow 1100mV 85C Model Setup 'shift_sampler:s|sample_flag'
Slack : -3.567
TNS   : -27.467

Type  : Slow 1100mV 85C Model Hold 'clk_40_gen:c|clk_out'
Slack : 0.407
TNS   : 0.000

Type  : Slow 1100mV 85C Model Hold 'shift_sampler:s|sample_flag'
Slack : 0.464
TNS   : 0.000

Type  : Slow 1100mV 85C Model Hold 'CLOCK_50'
Slack : 0.615
TNS   : 0.000

Type  : Slow 1100mV 85C Model Minimum Pulse Width 'clk_40_gen:c|clk_out'
Slack : -0.394
TNS   : -66.207

Type  : Slow 1100mV 85C Model Minimum Pulse Width 'CLOCK_50'
Slack : -0.394
TNS   : -6.972

Type  : Slow 1100mV 85C Model Minimum Pulse Width 'shift_sampler:s|sample_flag'
Slack : -0.394
TNS   : -4.421

Type  : Slow 1100mV 0C Model Setup 'clk_40_gen:c|clk_out'
Slack : -5.944
TNS   : -609.103

Type  : Slow 1100mV 0C Model Setup 'CLOCK_50'
Slack : -5.254
TNS   : -42.866

Type  : Slow 1100mV 0C Model Setup 'shift_sampler:s|sample_flag'
Slack : -3.650
TNS   : -27.868

Type  : Slow 1100mV 0C Model Hold 'clk_40_gen:c|clk_out'
Slack : 0.376
TNS   : 0.000

Type  : Slow 1100mV 0C Model Hold 'shift_sampler:s|sample_flag'
Slack : 0.517
TNS   : 0.000

Type  : Slow 1100mV 0C Model Hold 'CLOCK_50'
Slack : 0.589
TNS   : 0.000

Type  : Slow 1100mV 0C Model Minimum Pulse Width 'CLOCK_50'
Slack : -0.410
TNS   : -7.463

Type  : Slow 1100mV 0C Model Minimum Pulse Width 'clk_40_gen:c|clk_out'
Slack : -0.394
TNS   : -64.566

Type  : Slow 1100mV 0C Model Minimum Pulse Width 'shift_sampler:s|sample_flag'
Slack : -0.394
TNS   : -4.279

Type  : Fast 1100mV 85C Model Setup 'CLOCK_50'
Slack : -4.032
TNS   : -19.062

Type  : Fast 1100mV 85C Model Setup 'clk_40_gen:c|clk_out'
Slack : -3.188
TNS   : -317.190

Type  : Fast 1100mV 85C Model Setup 'shift_sampler:s|sample_flag'
Slack : -1.920
TNS   : -13.790

Type  : Fast 1100mV 85C Model Hold 'clk_40_gen:c|clk_out'
Slack : 0.093
TNS   : 0.000

Type  : Fast 1100mV 85C Model Hold 'shift_sampler:s|sample_flag'
Slack : 0.178
TNS   : 0.000

Type  : Fast 1100mV 85C Model Hold 'CLOCK_50'
Slack : 0.332
TNS   : 0.000

Type  : Fast 1100mV 85C Model Minimum Pulse Width 'CLOCK_50'
Slack : -0.438
TNS   : -1.590

Type  : Fast 1100mV 85C Model Minimum Pulse Width 'shift_sampler:s|sample_flag'
Slack : -0.009
TNS   : -0.009

Type  : Fast 1100mV 85C Model Minimum Pulse Width 'clk_40_gen:c|clk_out'
Slack : 0.000
TNS   : 0.000

Type  : Fast 1100mV 0C Model Setup 'CLOCK_50'
Slack : -3.388
TNS   : -17.193

Type  : Fast 1100mV 0C Model Setup 'clk_40_gen:c|clk_out'
Slack : -2.844
TNS   : -285.505

Type  : Fast 1100mV 0C Model Setup 'shift_sampler:s|sample_flag'
Slack : -1.777
TNS   : -12.930

Type  : Fast 1100mV 0C Model Hold 'clk_40_gen:c|clk_out'
Slack : 0.062
TNS   : 0.000

Type  : Fast 1100mV 0C Model Hold 'shift_sampler:s|sample_flag'
Slack : 0.183
TNS   : 0.000

Type  : Fast 1100mV 0C Model Hold 'CLOCK_50'
Slack : 0.298
TNS   : 0.000

Type  : Fast 1100mV 0C Model Minimum Pulse Width 'CLOCK_50'
Slack : -0.464
TNS   : -1.614

Type  : Fast 1100mV 0C Model Minimum Pulse Width 'shift_sampler:s|sample_flag'
Slack : 0.002
TNS   : 0.000

Type  : Fast 1100mV 0C Model Minimum Pulse Width 'clk_40_gen:c|clk_out'
Slack : 0.040
TNS   : 0.000

------------------------------------------------------------
