------------------------------------------------------------
Timing Analyzer Summary
------------------------------------------------------------

Type  : Slow 1100mV 85C Model Setup 'clk_4_gen:c|clk_out'
Slack : -6.066
TNS   : -257.856

Type  : Slow 1100mV 85C Model Setup 'CLOCK_50'
Slack : -4.732
TNS   : -55.541

Type  : Slow 1100mV 85C Model Hold 'CLOCK_50'
Slack : 0.595
TNS   : 0.000

Type  : Slow 1100mV 85C Model Hold 'clk_4_gen:c|clk_out'
Slack : 0.740
TNS   : 0.000

Type  : Slow 1100mV 85C Model Minimum Pulse Width 'clk_4_gen:c|clk_out'
Slack : -0.394
TNS   : -28.337

Type  : Slow 1100mV 85C Model Minimum Pulse Width 'CLOCK_50'
Slack : -0.394
TNS   : -9.090

Type  : Slow 1100mV 0C Model Setup 'clk_4_gen:c|clk_out'
Slack : -5.993
TNS   : -254.705

Type  : Slow 1100mV 0C Model Setup 'CLOCK_50'
Slack : -4.893
TNS   : -56.741

Type  : Slow 1100mV 0C Model Hold 'CLOCK_50'
Slack : 0.567
TNS   : 0.000

Type  : Slow 1100mV 0C Model Hold 'clk_4_gen:c|clk_out'
Slack : 0.696
TNS   : 0.000

Type  : Slow 1100mV 0C Model Minimum Pulse Width 'clk_4_gen:c|clk_out'
Slack : -0.394
TNS   : -28.098

Type  : Slow 1100mV 0C Model Minimum Pulse Width 'CLOCK_50'
Slack : -0.394
TNS   : -9.877

Type  : Fast 1100mV 85C Model Setup 'CLOCK_50'
Slack : -3.145
TNS   : -25.789

Type  : Fast 1100mV 85C Model Setup 'clk_4_gen:c|clk_out'
Slack : -3.095
TNS   : -128.755

Type  : Fast 1100mV 85C Model Hold 'CLOCK_50'
Slack : 0.325
TNS   : 0.000

Type  : Fast 1100mV 85C Model Hold 'clk_4_gen:c|clk_out'
Slack : 0.350
TNS   : 0.000

Type  : Fast 1100mV 85C Model Minimum Pulse Width 'CLOCK_50'
Slack : -0.413
TNS   : -1.889

Type  : Fast 1100mV 85C Model Minimum Pulse Width 'clk_4_gen:c|clk_out'
Slack : 0.007
TNS   : 0.000

Type  : Fast 1100mV 0C Model Setup 'clk_4_gen:c|clk_out'
Slack : -2.811
TNS   : -116.780

Type  : Fast 1100mV 0C Model Setup 'CLOCK_50'
Slack : -2.663
TNS   : -22.604

Type  : Fast 1100mV 0C Model Hold 'CLOCK_50'
Slack : 0.294
TNS   : 0.000

Type  : Fast 1100mV 0C Model Hold 'clk_4_gen:c|clk_out'
Slack : 0.320
TNS   : 0.000

Type  : Fast 1100mV 0C Model Minimum Pulse Width 'CLOCK_50'
Slack : -0.421
TNS   : -1.903

Type  : Fast 1100mV 0C Model Minimum Pulse Width 'clk_4_gen:c|clk_out'
Slack : 0.039
TNS   : 0.000

------------------------------------------------------------
