------------------------------------------------------------
Timing Analyzer Summary
------------------------------------------------------------

Type  : Slow 1100mV 85C Model Setup 'clk_4_gen:c|clk_out'
Slack : -5.751
TNS   : -296.031

Type  : Slow 1100mV 85C Model Setup 'CLOCK_50'
Slack : -5.692
TNS   : -57.902

Type  : Slow 1100mV 85C Model Hold 'CLOCK_50'
Slack : 0.388
TNS   : 0.000

Type  : Slow 1100mV 85C Model Hold 'clk_4_gen:c|clk_out'
Slack : 0.441
TNS   : 0.000

Type  : Slow 1100mV 85C Model Minimum Pulse Width 'CLOCK_50'
Slack : -0.411
TNS   : -9.077

Type  : Slow 1100mV 85C Model Minimum Pulse Width 'clk_4_gen:c|clk_out'
Slack : -0.394
TNS   : -40.448

Type  : Slow 1100mV 0C Model Setup 'CLOCK_50'
Slack : -5.907
TNS   : -58.647

Type  : Slow 1100mV 0C Model Setup 'clk_4_gen:c|clk_out'
Slack : -5.737
TNS   : -293.791

Type  : Slow 1100mV 0C Model Hold 'CLOCK_50'
Slack : 0.386
TNS   : 0.000

Type  : Slow 1100mV 0C Model Hold 'clk_4_gen:c|clk_out'
Slack : 0.455
TNS   : 0.000

Type  : Slow 1100mV 0C Model Minimum Pulse Width 'CLOCK_50'
Slack : -0.396
TNS   : -9.794

Type  : Slow 1100mV 0C Model Minimum Pulse Width 'clk_4_gen:c|clk_out'
Slack : -0.394
TNS   : -40.875

Type  : Fast 1100mV 85C Model Setup 'CLOCK_50'
Slack : -3.007
TNS   : -25.969

Type  : Fast 1100mV 85C Model Setup 'clk_4_gen:c|clk_out'
Slack : -2.926
TNS   : -150.449

Type  : Fast 1100mV 85C Model Hold 'clk_4_gen:c|clk_out'
Slack : 0.165
TNS   : 0.000

Type  : Fast 1100mV 85C Model Hold 'CLOCK_50'
Slack : 0.204
TNS   : 0.000

Type  : Fast 1100mV 85C Model Minimum Pulse Width 'CLOCK_50'
Slack : -0.401
TNS   : -1.877

Type  : Fast 1100mV 85C Model Minimum Pulse Width 'clk_4_gen:c|clk_out'
Slack : -0.083
TNS   : -2.443

Type  : Fast 1100mV 0C Model Setup 'CLOCK_50'
Slack : -2.758
TNS   : -23.658

Type  : Fast 1100mV 0C Model Setup 'clk_4_gen:c|clk_out'
Slack : -2.642
TNS   : -134.906

Type  : Fast 1100mV 0C Model Hold 'clk_4_gen:c|clk_out'
Slack : 0.150
TNS   : 0.000

Type  : Fast 1100mV 0C Model Hold 'CLOCK_50'
Slack : 0.193
TNS   : 0.000

Type  : Fast 1100mV 0C Model Minimum Pulse Width 'CLOCK_50'
Slack : -0.382
TNS   : -1.822

Type  : Fast 1100mV 0C Model Minimum Pulse Width 'clk_4_gen:c|clk_out'
Slack : -0.049
TNS   : -1.136

------------------------------------------------------------
